// Jest Snapshot v1, https://goo.gl/fbAQLP

exports[`runGem2s action Dispatches events properly 1`] = `
Array [
  Object {
    "payload": Object {},
    "type": "experimentSettings/startQC",
  },
]
`;
