// Jest Snapshot v1, https://goo.gl/fbAQLP

exports[`loadEmbedding action loadEmbedding generates correct hash params body for ETag: marker heatmap - hash call params 1`] = `
[
  [
    {
      "body": {
        "cellSetKey": "louvain",
        "groupByClasses": [
          "louvain",
        ],
        "hiddenCellSetKeys": [],
        "nGenes": 5,
        "name": "MarkerHeatmap",
        "selectedPoints": "All",
      },
      "cacheUniquenessKey": null,
      "experimentId": "6463cb35-3e08-4e94-a181-6d155a5ca570",
      "extraDependencies": [
        {
          "method": "louvain",
          "methodSettings": {
            "louvain": {
              "resolution": 0.8,
            },
          },
        },
        [
          "louvain",
        ],
        1,
      ],
      "extras": undefined,
      "qcPipelineStartDate": "2016-03-22T04:00:00.000Z",
      "workerVersion": 3,
    },
  ],
]
`;
