// Jest Snapshot v1, https://goo.gl/fbAQLP

exports[`get cell class properties tests returns information for a passed cellId 1`] = `
{
  "test": [],
}
`;
