// Jest Snapshot v1, https://goo.gl/fbAQLP

exports[`ExpressionCellSetModal Sends the correct genes list with params 1`] = `
Array [
  "testae48e318dab9a1bd0bexperiment",
  Object {
    "genesConfig": Array [
      Object {
        "comparisonType": "lessThan",
        "geneName": "DOK3",
        "thresholdValue": 0.05,
      },
      Object {
        "comparisonType": "greaterThan",
        "geneName": "DOK4",
        "thresholdValue": 0,
      },
    ],
    "name": "GetExpressionCellSets",
  },
  180,
  "7b5bfa3af85f7880905b1ac23fd41670",
  Object {
    "PipelineRunETag": "2021-10-20T12:51:44.755Z",
    "broadcast": true,
  },
]
`;
