// Jest Snapshot v1, https://goo.gl/fbAQLP

exports[`updateSample action Error handling works 1`] = `
Array [
  Object {
    "message": "Saving sample...",
  },
  Object {
    "error": "We couldn't save your data.",
  },
]
`;

exports[`updateSample action Works correctly 1`] = `
Array [
  Object {
    "message": "Saving sample...",
  },
  undefined,
  Object {
    "sample": Object {
      "name": "updated name",
    },
    "sampleUuid": "asd123",
  },
]
`;
