// Jest Snapshot v1, https://goo.gl/fbAQLP

exports[`markerGenesLoading returns correct state 1`] = `
{
  "markers": {
    "ETag": "new-etag",
    "error": false,
    "loading": true,
  },
}
`;
