// Jest Snapshot v1, https://goo.gl/fbAQLP

exports[`Get cell sets hierarchy selector by type test returns correctly by one key 1`] = `[]`;
