// Jest Snapshot v1, https://goo.gl/fbAQLP

exports[`createExperiment Works correctly 1`] = `
Object {
  "experiment": Object {
    "createdDate": "2020-01-01T00:00:00.000Z",
    "description": "Analysis description",
    "id": "b3f6c0ca86ec045c84f380cd5016972e",
    "lastViewed": null,
    "meta": Object {
      "organism": null,
      "type": "10x",
    },
    "name": undefined,
    "notifyByEmail": true,
    "projectUuid": "project-1",
    "sampleIds": Array [],
  },
}
`;

exports[`createExperiment Works correctly 2`] = `"{\\"id\\":\\"b3f6c0ca86ec045c84f380cd5016972e\\",\\"description\\":\\"Analysis description\\"}"`;
