// Jest Snapshot v1, https://goo.gl/fbAQLP

exports[`createMetadataTrack action Works correctly 1`] = `
[
  {
    "experimentId": "expeirment-1",
    "key": "Test_track",
  },
  {
    "sample": {
      "metadata": {
        "Test_track": "N.A.",
      },
    },
    "sampleUuid": "sample1",
  },
  {
    "experimentId": "expeirment-1",
  },
  {
    "experimentId": "expeirment-1",
    "status": {},
  },
]
`;
