// Jest Snapshot v1, https://goo.gl/fbAQLP

exports[`updateExperiment Handles error and then rethrows (so the UI doesnt reorder) 1`] = `
[
  undefined,
  {
    "error": "Error: Some api error",
  },
]
`;

exports[`updateExperiment Updates properties correctly 1`] = `
[
  undefined,
  {
    "experiment": {
      "sampleIds": [
        "sample2",
        "sample1",
      ],
    },
    "experimentId": "experiment-1",
  },
]
`;
