// Jest Snapshot v1, https://goo.gl/fbAQLP

exports[`setActiveExperiment action Dispatches event correctly 1`] = `
{
  "payload": {
    "experimentId": "67890",
  },
  "type": "experiments/setActive",
}
`;
